[INFO] Scanning for projects...
[INFO] 
[INFO] ------------------------< com.bussvdn:backend >-------------------------
[INFO] Building BusSVDN Backend 0.0.1-SNAPSHOT
[INFO]   from pom.xml
[INFO] --------------------------------[ jar ]---------------------------------
[INFO] 
[INFO] >>> spring-boot:3.3.5:run (default-cli) > test-compile @ backend >>>
[INFO] 
[INFO] --- resources:3.3.1:resources (default-resources) @ backend ---
[INFO] Copying 2 resources from src\main\resources to target\classes
[INFO] Copying 1 resource from src\main\resources to target\classes
[INFO] 
[INFO] --- compiler:3.13.0:compile (default-compile) @ backend ---
[INFO] Nothing to compile - all classes are up to date.
[INFO] 
[INFO] --- resources:3.3.1:testResources (default-testResources) @ backend ---
[INFO] skip non existing resourceDirectory D:\hoctap\SWP\project\src\test\resources
[INFO] 
[INFO] --- compiler:3.13.0:testCompile (default-testCompile) @ backend ---
[INFO] No sources to compile
[INFO] 
[INFO] <<< spring-boot:3.3.5:run (default-cli) < test-compile @ backend <<<
[INFO] 
[INFO] 
[INFO] --- spring-boot:3.3.5:run (default-cli) @ backend ---
[INFO] Attaching agents: []

  .   ____          _            __ _ _
 /\\ / ___'_ __ _ _(_)_ __  __ _ \ \ \ \
( ( )\___ | '_ | '_| | '_ \/ _` | \ \ \ \
 \\/  ___)| |_)| | | | | || (_| |  ) ) ) )
  '  |____| .__|_| |_|_| |_\__, | / / / /
 =========|_|==============|___/=/_/_/_/

 :: Spring Boot ::                (v3.3.5)

2026-05-24T12:06:44.467+07:00  INFO 29020 --- [bussvdn-backend] [           main] c.b.backend.BusSvdnBackendApplication    : Starting BusSvdnBackendApplication using Java 26 with PID 29020 (D:\hoctap\SWP\project\target\classes started by phucd in D:\hoctap\SWP\project)
2026-05-24T12:06:44.469+07:00  INFO 29020 --- [bussvdn-backend] [           main] c.b.backend.BusSvdnBackendApplication    : The following 1 profile is active: "test"
2026-05-24T12:06:44.860+07:00  INFO 29020 --- [bussvdn-backend] [           main] .s.d.r.c.RepositoryConfigurationDelegate : Bootstrapping Spring Data JPA repositories in DEFAULT mode.
2026-05-24T12:06:44.910+07:00  INFO 29020 --- [bussvdn-backend] [           main] .s.d.r.c.RepositoryConfigurationDelegate : Finished Spring Data repository scanning in 44 ms. Found 13 JPA repository interfaces.
WARNING: A restricted method in java.lang.System has been called
WARNING: java.lang.System::load has been called by org.apache.tomcat.jni.Library in an unnamed module (file:/C:/Users/phucd/.m2/repository/org/apache/tomcat/embed/tomcat-embed-core/10.1.31/tomcat-embed-core-10.1.31.jar)
WARNING: Use --enable-native-access=ALL-UNNAMED to avoid a warning for callers in this module
WARNING: Restricted methods will be blocked in a future release unless native access is enabled

2026-05-24T12:06:45.227+07:00  INFO 29020 --- [bussvdn-backend] [           main] o.s.b.w.embedded.tomcat.TomcatWebServer  : Tomcat initialized with port 8081 (http)
2026-05-24T12:06:45.236+07:00  INFO 29020 --- [bussvdn-backend] [           main] o.apache.catalina.core.StandardService   : Starting service [Tomcat]
2026-05-24T12:06:45.236+07:00  INFO 29020 --- [bussvdn-backend] [           main] o.apache.catalina.core.StandardEngine    : Starting Servlet engine: [Apache Tomcat/10.1.31]
2026-05-24T12:06:45.366+07:00  INFO 29020 --- [bussvdn-backend] [           main] org.apache.jasper.servlet.TldScanner     : At least one JAR was scanned for TLDs yet contained no TLDs. Enable debug logging for this logger for a complete list of JARs that were scanned but no TLDs were found in them. Skipping unneeded JARs during scanning can improve startup time and JSP compilation time.
2026-05-24T12:06:45.371+07:00  INFO 29020 --- [bussvdn-backend] [           main] o.a.c.c.C.[Tomcat].[localhost].[/]       : Initializing Spring embedded WebApplicationContext
2026-05-24T12:06:45.372+07:00  INFO 29020 --- [bussvdn-backend] [           main] w.s.c.ServletWebServerApplicationContext : Root WebApplicationContext: initialization completed in 873 ms
2026-05-24T12:06:45.466+07:00  INFO 29020 --- [bussvdn-backend] [           main] o.hibernate.jpa.internal.util.LogHelper  : HHH000204: Processing PersistenceUnitInfo [name: default]
2026-05-24T12:06:45.494+07:00  INFO 29020 --- [bussvdn-backend] [           main] org.hibernate.Version                    : HHH000412: Hibernate ORM core version 6.5.3.Final
2026-05-24T12:06:45.513+07:00  INFO 29020 --- [bussvdn-backend] [           main] o.h.c.internal.RegionFactoryInitiator    : HHH000026: Second-level cache disabled
2026-05-24T12:06:45.692+07:00  INFO 29020 --- [bussvdn-backend] [           main] o.s.o.j.p.SpringPersistenceUnitInfo      : No LoadTimeWeaver setup: ignoring JPA class transformer
2026-05-24T12:06:45.708+07:00  INFO 29020 --- [bussvdn-backend] [           main] com.zaxxer.hikari.HikariDataSource       : HikariPool-1 - Starting...
2026-05-24T12:06:45.865+07:00  INFO 29020 --- [bussvdn-backend] [           main] com.zaxxer.hikari.pool.HikariPool        : HikariPool-1 - Added connection conn0: url=jdbc:h2:mem:bussvdn user=SA
2026-05-24T12:06:45.867+07:00  INFO 29020 --- [bussvdn-backend] [           main] com.zaxxer.hikari.HikariDataSource       : HikariPool-1 - Start completed.
2026-05-24T12:06:45.882+07:00  WARN 29020 --- [bussvdn-backend] [           main] org.hibernate.orm.deprecation            : HHH90000025: H2Dialect does not need to be specified explicitly using 'hibernate.dialect' (remove the property setting and it will be selected by default)
2026-05-24T12:06:46.729+07:00  INFO 29020 --- [bussvdn-backend] [           main] o.h.e.t.j.p.i.JtaPlatformInitiator       : HHH000489: No JTA platform available (set 'hibernate.transaction.jta.platform' to enable JTA platform integration)
2026-05-24T12:06:46.789+07:00  INFO 29020 --- [bussvdn-backend] [           main] j.LocalContainerEntityManagerFactoryBean : Initialized JPA EntityManagerFactory for persistence unit 'default'
2026-05-24T12:06:47.358+07:00  INFO 29020 --- [bussvdn-backend] [           main] o.s.b.w.embedded.tomcat.TomcatWebServer  : Tomcat started on port 8081 (http) with context path '/'
2026-05-24T12:06:47.362+07:00  INFO 29020 --- [bussvdn-backend] [           main] c.b.backend.BusSvdnBackendApplication    : Started BusSvdnBackendApplication in 3.119 seconds (process running for 3.357)
