[INFO] Scanning for projects...
[INFO] 
[INFO] -----------------------< com.unibus:unibus-api >------------------------
[INFO] Building  0.0.1-SNAPSHOT
[INFO]   from pom.xml
[INFO] --------------------------------[ jar ]---------------------------------
[INFO] 
[INFO] >>> spring-boot:4.0.6:run (default-cli) > test-compile @ unibus-api >>>
[INFO] 
[INFO] --- resources:3.3.1:resources (default-resources) @ unibus-api ---
[INFO] Copying 2 resources from src\main\resources to target\classes
[INFO] Copying 3 resources from src\main\resources to target\classes
[INFO] 
[INFO] --- compiler:3.14.1:compile (default-compile) @ unibus-api ---
[INFO] Nothing to compile - all classes are up to date.
[INFO] 
[INFO] --- resources:3.3.1:testResources (default-testResources) @ unibus-api ---
[INFO] Copying 1 resource from src\test\resources to target\test-classes
[INFO] 
[INFO] --- compiler:3.14.1:testCompile (default-testCompile) @ unibus-api ---
[INFO] Nothing to compile - all classes are up to date.
[INFO] 
[INFO] <<< spring-boot:4.0.6:run (default-cli) < test-compile @ unibus-api <<<
[INFO] 
[INFO] 
[INFO] --- spring-boot:4.0.6:run (default-cli) @ unibus-api ---
[INFO] Attaching agents: []

  .   ____          _            __ _ _
 /\\ / ___'_ __ _ _(_)_ __  __ _ \ \ \ \
( ( )\___ | '_ | '_| | '_ \/ _` | \ \ \ \
 \\/  ___)| |_)| | | | | || (_| |  ) ) ) )
  '  |____| .__|_| |_|_| |_\__, | / / / /
 =========|_|==============|___/=/_/_/_/

 :: Spring Boot ::                (v4.0.6)

2026-06-17T10:12:41.965+07:00  INFO 22180 --- [unibus-api] [           main] com.unibus.api.UnibusApiApplication      : Starting UnibusApiApplication using Java 26 with PID 22180 (D:\hoctap\SWP\project\backend\target\classes started by phucd in D:\hoctap\SWP\project\backend)
2026-06-17T10:12:41.967+07:00  INFO 22180 --- [unibus-api] [           main] com.unibus.api.UnibusApiApplication      : No active profile set, falling back to 1 default profile: "default"
2026-06-17T10:12:42.532+07:00  INFO 22180 --- [unibus-api] [           main] .s.d.r.c.RepositoryConfigurationDelegate : Bootstrapping Spring Data JPA repositories in DEFAULT mode.
2026-06-17T10:12:42.584+07:00  INFO 22180 --- [unibus-api] [           main] .s.d.r.c.RepositoryConfigurationDelegate : Finished Spring Data repository scanning in 45 ms. Found 12 JPA repository interfaces.
2026-06-17T10:12:43.005+07:00  INFO 22180 --- [unibus-api] [           main] o.s.boot.tomcat.TomcatWebServer          : Tomcat initialized with port 8080 (http)
2026-06-17T10:12:43.012+07:00  INFO 22180 --- [unibus-api] [           main] o.apache.catalina.core.StandardService   : Starting service [Tomcat]
2026-06-17T10:12:43.013+07:00  INFO 22180 --- [unibus-api] [           main] o.apache.catalina.core.StandardEngine    : Starting Servlet engine: [Apache Tomcat/11.0.21]
2026-06-17T10:12:43.048+07:00  INFO 22180 --- [unibus-api] [           main] b.w.c.s.WebApplicationContextInitializer : Root WebApplicationContext: initialization completed in 1045 ms
2026-06-17T10:12:43.314+07:00  INFO 22180 --- [unibus-api] [           main] com.zaxxer.hikari.HikariDataSource       : HikariPool-1 - Starting...
2026-06-17T10:12:44.223+07:00  INFO 22180 --- [unibus-api] [           main] com.zaxxer.hikari.pool.HikariPool        : HikariPool-1 - Added connection org.postgresql.jdbc.PgConnection@adafe19
2026-06-17T10:12:44.224+07:00  INFO 22180 --- [unibus-api] [           main] com.zaxxer.hikari.HikariDataSource       : HikariPool-1 - Start completed.
2026-06-17T10:12:44.319+07:00  INFO 22180 --- [unibus-api] [           main] org.flywaydb.core.FlywayExecutor         : Database: jdbc:postgresql://postgresdemo.czg6gi08udbc.ap-southeast-1.rds.amazonaws.com:5432/postgres (PostgreSQL 18.3)
2026-06-17T10:12:45.832+07:00  INFO 22180 --- [unibus-api] [           main] o.f.core.internal.command.DbMigrate      : Current version of schema "public": 7
2026-06-17T10:12:45.833+07:00  WARN 22180 --- [unibus-api] [           main] o.f.core.internal.command.DbMigrate      : Schema "public" has a version (7) that is newer than the latest available migration (6) !
2026-06-17T10:12:45.924+07:00  INFO 22180 --- [unibus-api] [           main] o.f.core.internal.command.DbMigrate      : Schema "public" is up to date. No migration necessary.
2026-06-17T10:12:46.395+07:00  INFO 22180 --- [unibus-api] [           main] org.hibernate.orm.jpa                    : HHH008540: Processing PersistenceUnitInfo [name: default]
2026-06-17T10:12:46.426+07:00  INFO 22180 --- [unibus-api] [           main] org.hibernate.orm.core                   : HHH000001: Hibernate ORM core version 7.2.12.Final
2026-06-17T10:12:46.687+07:00  INFO 22180 --- [unibus-api] [           main] o.s.o.j.p.SpringPersistenceUnitInfo      : No LoadTimeWeaver setup: ignoring JPA class transformer
2026-06-17T10:12:47.094+07:00  INFO 22180 --- [unibus-api] [           main] org.hibernate.orm.connections.pooling    : HHH10001005: Database info:
	Database JDBC URL [jdbc:postgresql://postgresdemo.czg6gi08udbc.ap-southeast-1.rds.amazonaws.com:5432/postgres]
	Database driver: PostgreSQL JDBC Driver
	Database dialect: PostgreSQLDialect
	Database version: 18.3
	Default catalog/schema: postgres/public
	Autocommit mode: undefined/unknown
	Isolation level: READ_COMMITTED [default READ_COMMITTED]
	JDBC fetch size: none
	Pool: DataSourceConnectionProvider
	Minimum pool size: undefined/unknown
	Maximum pool size: undefined/unknown
2026-06-17T10:12:47.899+07:00  INFO 22180 --- [unibus-api] [           main] org.hibernate.orm.core                   : HHH000489: No JTA platform available (set 'hibernate.transaction.jta.platform' to enable JTA platform integration)
2026-06-17T10:12:48.278+07:00  INFO 22180 --- [unibus-api] [           main] j.LocalContainerEntityManagerFactoryBean : Initialized JPA EntityManagerFactory for persistence unit 'default'
2026-06-17T10:12:48.324+07:00  INFO 22180 --- [unibus-api] [           main] o.s.d.j.r.query.QueryEnhancerFactories   : Hibernate is in classpath; If applicable, HQL parser will be used.
2026-06-17T10:12:49.215+07:00  INFO 22180 --- [unibus-api] [           main] o.s.boot.tomcat.TomcatWebServer          : Tomcat started on port 8080 (http) with context path '/'
2026-06-17T10:12:49.219+07:00  INFO 22180 --- [unibus-api] [           main] com.unibus.api.UnibusApiApplication      : Started UnibusApiApplication in 7.506 seconds (process running for 7.8)
